<html>
<body>
<pre>
<h1>礦ision Build Log</h1>
<h2>Tool Versions:</h2>
IDE-Version: μVision V5.14.0.0
Copyright (C) 2015 ARM Ltd and ARM Germany GmbH. All rights reserved.
License Information: GAN Microsoft, Microsoft, LIC=0VR63-ACQ41-EYDVT-RDNV1-S04QL-VLNC8
 
Tool Versions:
Toolchain:       MDK-ARM Professional  Version: 5.14.0.0
Toolchain Path:  C:\Keil_v5\ARM\ARMCC\Bin
C Compiler:      Armcc.exe V5.05 update 1 (build 106)
Assembler:       Armasm.exe V5.05 update 1 (build 106)
Linker/Locator:  ArmLink.exe V5.05 update 1 (build 106)
Library Manager: ArmAr.exe V5.05 update 1 (build 106)
Hex Converter:   FromElf.exe V5.05 update 1 (build 106)
CPU DLL:         SARMCM3.DLL V5.14.0.0
Dialog DLL:      DARMSTM.DLL V1.65.0.0
Target DLL:      Segger\JL2CM3.dll V2.99.13.0
Dialog DLL:      TARMSTM.DLL V1.64.0.0
 
<h2>Project:</h2>
F:\TencentQQ Files\1486008053\FileRecv\A7+OneNet发送原始GPS数据\A7+OneNet发送原始GPS数据\USER\main.uvprojx
Project File Date:  03/12/2018

<h2>Output:</h2>
Rebuild target 'Target 1'
compiling main.c...
main.c(260): warning:  #1166-D: returning pointer to local variable
        return result;
main.c(331): warning:  #1166-D: returning pointer to local variable
        return result;
main.c(340): warning:  #177-D: variable "lon_str_end" was declared but never referenced
        char lon_str_end[15] = {0};
main.c(341): warning:  #177-D: variable "lat_str_end" was declared but never referenced
        char lat_str_end[15] = {0};
main.c(492): warning:  #167-D: argument of type "u8 *" is incompatible with parameter of type "const char *"
                        if (strstr(USART2_RX_BUF, Response) != NULL)
main.c(495): warning:  #167-D: argument of type "u8 *" is incompatible with parameter of type "const char *restrict"
                                printf(USART2_RX_BUF);
main.c(504): warning:  #167-D: argument of type "u8 *" is incompatible with parameter of type "const char *restrict"
        printf(USART2_RX_BUF);
main.c: 7 warnings, 0 errors
compiling stm32f10x_it.c...
compiling system_stm32f10x.c...
compiling LED.c...
compiling usart2.c...
compiling core_cm3.c...
assembling startup_stm32f10x_md.s...
compiling misc.c...
compiling stm32f10x_gpio.c...
compiling stm32f10x_rcc.c...
compiling stm32f10x_usart.c...
compiling stm32f10x_dma.c...
compiling stm32f10x_tim.c...
compiling delay.c...
..\SYSTEM\delay\delay.c(27): warning:  #550-D: variable "fac_ms" was set but never used
  static u16 fac_ms=0;//ms延时倍乘数
..\SYSTEM\delay\delay.c: 1 warning, 0 errors
compiling sys.c...
compiling usart.c...
linking...
Program Size: Code=19756 RO-data=784 RW-data=132 ZI-data=3164  
FromELF: creating hex file...
"..\OBJ\main.axf" - 0 Error(s), 8 Warning(s).

<h2>Collection of Component include folders:</h2>
  F:\TencentQQ Files\1486008053\FileRecv\A7+OneNet发送原始GPS数据\A7+OneNet发送原始GPS数据\USER\RTE
  C:\Keil_v5\ARM\PACK\Keil\STM32F1xx_DFP\2.2.0

<h2>Collection of Component Files used:</h2>
</pre>
</body>
</html>
